
> maliyo-app@0.1.0 lint
> eslint --quiet --no-color


C:\Users\user\OneDrive\Desktop\Maliyo\maliyo-app\src\app\(dashboard)\payments\page.tsx
  325:78   error  `"` can be escaped with `&quot;`, `&ldquo;`, `&#34;`, `&rdquo;`  react/no-unescaped-entities
  325:102  error  `"` can be escaped with `&quot;`, `&ldquo;`, `&#34;`, `&rdquo;`  react/no-unescaped-entities

C:\Users\user\OneDrive\Desktop\Maliyo\maliyo-app\src\app\api\dashboard\route.ts
  43:61  error  Unexpected any. Specify a different type  @typescript-eslint/no-explicit-any
  53:61  error  Unexpected any. Specify a different type  @typescript-eslint/no-explicit-any

C:\Users\user\OneDrive\Desktop\Maliyo\maliyo-app\src\components\ui\input.tsx
  4:18  error  An interface declaring no members is equivalent to its supertype  @typescript-eslint/no-empty-object-type

C:\Users\user\OneDrive\Desktop\Maliyo\maliyo-app\src\hooks\use-media-query.ts
  10:13  error  Error: Calling setState synchronously within an effect can trigger cascading renders

Effects are intended to synchronize state between React and external systems such as manually updating the DOM, state management libraries, or other platform APIs. In general, the body of an effect should do one or both of the following:
* Update external systems with the latest state from React.
* Subscribe for updates from some external system, calling setState in a callback function when external state changes.

Calling setState synchronously within an effect body causes cascading renders that can hurt performance, and is not recommended. (https://react.dev/learn/you-might-not-need-an-effect).

C:\Users\user\OneDrive\Desktop\Maliyo\maliyo-app\src\hooks\use-media-query.ts:10:13
   8 |         const media = window.matchMedia(query)
   9 |         if (media.matches !== matches) {
> 10 |             setMatches(media.matches)
     |             ^^^^^^^^^^ Avoid calling setState() directly within an effect
  11 |         }
  12 |         const listener = () => setMatches(media.matches)
  13 |         media.addEventListener('change', listener)  react-hooks/set-state-in-effect

Γ£û 6 problems (6 errors, 0 warnings)

