src/app/(dashboard)/expenses/page.tsx(408,48): error TS2551: Property 'note' does not exist on type '{ title: string; addExpense: string; editExpense: string; amount: string; category: string; date: string; notes: string; recurring: string; categories: { food: string; transport: string; utilities: string; ... 8 more ...; other: string; }; }'. Did you mean 'notes'?
src/app/(dashboard)/expenses/page.tsx(410,57): error TS2551: Property 'note' does not exist on type '{ title: string; addExpense: string; editExpense: string; amount: string; category: string; date: string; notes: string; recurring: string; categories: { food: string; transport: string; utilities: string; ... 8 more ...; other: string; }; }'. Did you mean 'notes'?
src/app/(dashboard)/family/page.tsx(161,81): error TS2339: Property 'owner' does not exist on type '{ title: string; addMember: string; editMember: string; name: string; email: string; role: string; inviteMember: string; pendingInvites: string; familyMembers: string; noMembers: string; roles: { ...; }; inviteSent: string; removeMember: string; }'.
src/app/(dashboard)/family/page.tsx(161,98): error TS2339: Property 'member' does not exist on type '{ title: string; addMember: string; editMember: string; name: string; email: string; role: string; inviteMember: string; pendingInvites: string; familyMembers: string; noMembers: string; roles: { ...; }; inviteSent: string; removeMember: string; }'.
src/app/(dashboard)/family/page.tsx(202,74): error TS2339: Property 'member' does not exist on type '{ title: string; addMember: string; editMember: string; name: string; email: string; role: string; inviteMember: string; pendingInvites: string; familyMembers: string; noMembers: string; roles: { ...; }; inviteSent: string; removeMember: string; }'.
src/app/(dashboard)/family/page.tsx(203,73): error TS2339: Property 'owner' does not exist on type '{ title: string; addMember: string; editMember: string; name: string; email: string; role: string; inviteMember: string; pendingInvites: string; familyMembers: string; noMembers: string; roles: { ...; }; inviteSent: string; removeMember: string; }'.
src/app/(dashboard)/loans/page.tsx(203,77): error TS2339: Property 'active' does not exist on type '{ title: string; addLoan: string; editLoan: string; loanName: string; amount: string; borrower: string; lender: string; interestRate: string; startDate: string; dueDate: string; status: string; notes: string; ... 9 more ...; noLoans: string; }'.
src/app/(dashboard)/loans/page.tsx(235,70): error TS2339: Property 'active' does not exist on type '{ title: string; addLoan: string; editLoan: string; loanName: string; amount: string; borrower: string; lender: string; interestRate: string; startDate: string; dueDate: string; status: string; notes: string; ... 9 more ...; noLoans: string; }'.
src/app/(dashboard)/loans/page.tsx(243,94): error TS2339: Property 'progress' does not exist on type '{ title: string; addLoan: string; editLoan: string; loanName: string; amount: string; borrower: string; lender: string; interestRate: string; startDate: string; dueDate: string; status: string; notes: string; ... 9 more ...; noLoans: string; }'.
src/app/(dashboard)/loans/page.tsx(250,103): error TS2339: Property 'remainingBalance' does not exist on type '{ title: string; addLoan: string; editLoan: string; loanName: string; amount: string; borrower: string; lender: string; interestRate: string; startDate: string; dueDate: string; status: string; notes: string; ... 9 more ...; noLoans: string; }'.
src/app/(dashboard)/loans/page.tsx(256,103): error TS2339: Property 'monthlyPayment' does not exist on type '{ title: string; addLoan: string; editLoan: string; loanName: string; amount: string; borrower: string; lender: string; interestRate: string; startDate: string; dueDate: string; status: string; notes: string; ... 9 more ...; noLoans: string; }'.
src/app/(dashboard)/loans/page.tsx(264,99): error TS2339: Property 'nextPayment' does not exist on type '{ title: string; addLoan: string; editLoan: string; loanName: string; amount: string; borrower: string; lender: string; interestRate: string; startDate: string; dueDate: string; status: string; notes: string; ... 9 more ...; noLoans: string; }'.
src/app/(dashboard)/loans/page.tsx(286,74): error TS2339: Property 'active' does not exist on type '{ title: string; addLoan: string; editLoan: string; loanName: string; amount: string; borrower: string; lender: string; interestRate: string; startDate: string; dueDate: string; status: string; notes: string; ... 9 more ...; noLoans: string; }'.
src/app/(dashboard)/loans/page.tsx(294,96): error TS2339: Property 'totalAmount' does not exist on type '{ title: string; addLoan: string; editLoan: string; loanName: string; amount: string; borrower: string; lender: string; interestRate: string; startDate: string; dueDate: string; status: string; notes: string; ... 9 more ...; noLoans: string; }'.
src/app/(dashboard)/loans/page.tsx(299,96): error TS2339: Property 'remainingBalance' does not exist on type '{ title: string; addLoan: string; editLoan: string; loanName: string; amount: string; borrower: string; lender: string; interestRate: string; startDate: string; dueDate: string; status: string; notes: string; ... 9 more ...; noLoans: string; }'.
src/app/(dashboard)/loans/page.tsx(311,96): error TS2339: Property 'duration' does not exist on type '{ title: string; addLoan: string; editLoan: string; loanName: string; amount: string; borrower: string; lender: string; interestRate: string; startDate: string; dueDate: string; status: string; notes: string; ... 9 more ...; noLoans: string; }'.
src/app/(dashboard)/loans/page.tsx(312,104): error TS2339: Property 'month' does not exist on type '{ today: string; yesterday: string; thisWeek: string; thisMonth: string; thisYear: string; lastWeek: string; lastMonth: string; lastYear: string; custom: string; }'.
src/app/(dashboard)/loans/page.tsx(317,77): error TS2339: Property 'progress' does not exist on type '{ title: string; addLoan: string; editLoan: string; loanName: string; amount: string; borrower: string; lender: string; interestRate: string; startDate: string; dueDate: string; status: string; notes: string; ... 9 more ...; noLoans: string; }'.
src/app/(dashboard)/loans/page.tsx(410,49): error TS2339: Property 'totalAmount' does not exist on type '{ title: string; addLoan: string; editLoan: string; loanName: string; amount: string; borrower: string; lender: string; interestRate: string; startDate: string; dueDate: string; status: string; notes: string; ... 9 more ...; noLoans: string; }'.
src/app/(dashboard)/loans/page.tsx(423,49): error TS2339: Property 'monthlyPayment' does not exist on type '{ title: string; addLoan: string; editLoan: string; loanName: string; amount: string; borrower: string; lender: string; interestRate: string; startDate: string; dueDate: string; status: string; notes: string; ... 9 more ...; noLoans: string; }'.
src/app/(dashboard)/loans/page.tsx(448,49): error TS2339: Property 'duration' does not exist on type '{ title: string; addLoan: string; editLoan: string; loanName: string; amount: string; borrower: string; lender: string; interestRate: string; startDate: string; dueDate: string; status: string; notes: string; ... 9 more ...; noLoans: string; }'.
src/app/(dashboard)/loans/page.tsx(476,49): error TS2339: Property 'overdueRate' does not exist on type '{ title: string; addLoan: string; editLoan: string; loanName: string; amount: string; borrower: string; lender: string; interestRate: string; startDate: string; dueDate: string; status: string; notes: string; ... 9 more ...; noLoans: string; }'.
src/app/(dashboard)/payments/page.tsx(227,57): error TS2339: Property 'day' does not exist on type '{ title: string; addPayment: string; editPayment: string; name: string; amount: string; dueDate: string; recurring: string; frequency: string; reminder: string; paid: string; unpaid: string; frequencies: { ...; }; noPayments: string; }'.
src/app/(dashboard)/payments/page.tsx(239,103): error TS2339: Property 'month' does not exist on type '{ today: string; yesterday: string; thisWeek: string; thisMonth: string; thisYear: string; lastWeek: string; lastMonth: string; lastYear: string; custom: string; }'.
src/app/(dashboard)/payments/page.tsx(278,52): error TS2339: Property 'day' does not exist on type '{ title: string; addPayment: string; editPayment: string; name: string; amount: string; dueDate: string; recurring: string; frequency: string; reminder: string; paid: string; unpaid: string; frequencies: { ...; }; noPayments: string; }'.
src/app/(dashboard)/payments/page.tsx(334,54): error TS2339: Property 'title' does not exist on type '{ delete: string; deleteTitle: string; logout: string; logoutTitle: string; unsavedChanges: string; }'.
